I'm sorry, but errors were detected in your script. Please correct the
errors listed below, and try again.


File "game/script.rpy", line 323: choice menuitem expects a non-empty block.
    "Follow Rosemary":
                      ^

Ren'Py Version: Ren'Py 6.17.0.282
